224
115
2018-09-01T01:00:00.000000000
10000
44
1b448e0add367565e4aa6d3431adf5bf3e5200b5b8cc6c23d0cd5a46f9d086a9
124
False
0
False
None
2
4999990000
224
None
224
224
896
