235
121
2018-09-01T02:00:00.000000000
10000
42
42553
ce707ce4ef0a3c960d130db272a4c971530fc42e6f0842cf8ac0d71c8ae09cf7
144
False
0
False
None
2
4999990000
235
None
235
1
235
940
