[Tx(len(txins)=0, len(txouts)=2, size_bytes=145, block_height=90, tx_index=90)]
217
545259519
b'\x01Z\x01\x01'
Tx(len(txins)=0, len(txouts)=2, size_bytes=145, block_height=90, tx_index=90)
0
117b5e97faf756eb8614478688341c7f37d1e6eed1f8e21f4e416050282d8a1e
90
0
0
Unknown
[(address_type.pubkeyhash, 5000000000), (address_type.nulldata, 0)]
[('nulldata', 0), ('pubkeyhash', 5000000000)]
Block(tx_count=1, height=91, header_hash=5b27431d906155fdb0469d2c5415bac6e914805c1b62262b5be11a0cfee868f5, version=536870912, timestamp=1535760616, bits=545259519, nonce=0)
0
2
5000000000
Block(tx_count=1, height=89, header_hash=c1334fa426b3c10387d73358fe205fab54d25d642b61882c8456797f2f39cd3f, version=536870912, timestamp=1535760616, bits=545259519, nonce=3)
5000000000
253
2018-09-01T00:10:16.000000000
None
1535760616
253
1
<blocksci.TxRange object at 0x?????????>
536870912
226
904
