224
115
2018-09-01T01:00:00.000000000
10000
44
778af7567b200ab75f8e7b74614d6d0e86cfe26a36e6a3d33693c51cbd4bed07
125
False
0
False
None
2
4999990000
224
None
224
224
896
