226
111
2018-09-01T00:20:00.000000000
10000
44
44247
89530a3ac8a65f8cab0ad2a038ea1a3a850a0f82167c84b0caa873ea1ffce1a1
112
False
0
False
None
2
4999990000
226
None
226
1
226
904
