[Tx(len(txins)=0, len(txouts)=1, size_bytes=100, block_height=90, tx_index=90)]
181
545259519
b'\x01Z\x01\x01\x08/EB32.0/\x01\x00'
Tx(len(txins)=0, len(txouts)=1, size_bytes=100, block_height=90, tx_index=90)
0
261792909940b83b65002b28e3861ae39a4d88cf0ba7e4bd022e6e55ed925edf
90
0
0
Unknown
[(address_type.pubkeyhash, 5000000000)]
[('pubkeyhash', 5000000000)]
Block(tx_count=1, height=91, header_hash=67b3b6f61bf2329baaed0f69ace5069d55c7e19e42d4f2b4c7f1bfb9697ad802, version=536870912, timestamp=1535760616, bits=545259519, nonce=2)
1
1
5000000000
Block(tx_count=1, height=89, header_hash=3c1433c6f2f64e78c3eb4545edcf74d9822c90b5e1e260ce1e639ad6cc245705, version=536870912, timestamp=1535760616, bits=545259519, nonce=0)
5000000000
181
2018-09-01T00:10:16.000000000
None
1535760616
181
1
<blocksci.TxRange object at 0x?????????>
536870912
181
724
