222
119
2018-09-01T01:40:00.000000000
10000
45
56a552806a9608554c976cd87b0f622b0b0bebfe89f21010efb2298bc0d0483a
137
False
0
False
None
2
4999990000
222
None
222
222
888
